Mémoire totale : 4,0 GiB
Instanciation du bot "Random"
7 classes ont été trouvées
class awele.bot.demo.first.FirstBot
class awele.bot.demo.random.RandomBot
class awele.bot.demo.last.LastBot
class awele.bot.demo.minmax.MinMaxBot
class awele.bot.demo.knn2.Knn2Bot
class awele.bot.demo.knn1.Knn1Bot
class awele.bot.competitor.smartawele.MonBot

Bot 1/7
Classe : awele.bot.demo.first.FirstBot
Instanciation du bot "First"
Nom du bot : First
Auteur(s) : Alexandre Blansché
Temps d'apprentissage : 00:00:00.000
Durée d'une prise de décision : 00:00:00.000
Usage mémoire : 0 B
Usage mémoire maximum : 787,2 KiB

Bot 2/7
Classe : awele.bot.demo.random.RandomBot
Instanciation du bot "Random"
Nom du bot : Random
Auteur(s) : Alexandre Blansché
Temps d'apprentissage : 00:00:00.000
Durée d'une prise de décision : 00:00:00.000
Usage mémoire : 125,8 KiB
Usage mémoire maximum : 469,9 KiB

Bot 3/7
Classe : awele.bot.demo.last.LastBot
Instanciation du bot "Last"
Nom du bot : Last
Auteur(s) : Alexandre Blansché
Temps d'apprentissage : 00:00:00.000
Durée d'une prise de décision : 00:00:00.000
Usage mémoire : 24,2 KiB
Usage mémoire maximum : 483,4 KiB

Bot 4/7
Classe : awele.bot.demo.minmax.MinMaxBot
Instanciation du bot "MinMax"
Nom du bot : MinMax
Auteur(s) : Alexandre Blansché
Temps d'apprentissage : 00:00:00.000
Durée d'une prise de décision : 00:00:00.098
Usage mémoire : 319,5 KiB
Usage mémoire maximum : 152,4 MiB

Bot 5/7
Classe : awele.bot.demo.knn2.Knn2Bot
Instanciation du bot "k-NN2"
Nom du bot : k-NN2
Auteur(s) : Alexandre Blansché
Temps d'apprentissage : 00:00:00.010
Durée d'une prise de décision : 00:00:00.000
Usage mémoire : 25,7 KiB
Usage mémoire maximum : 1,7 MiB

Bot 6/7
Classe : awele.bot.demo.knn1.Knn1Bot
Instanciation du bot "k-NN1"
Nom du bot : k-NN1
Auteur(s) : Alexandre Blansché
Temps d'apprentissage : 00:00:00.002
Durée d'une prise de décision : 00:00:00.000
Usage mémoire : 12,5 KiB
Usage mémoire maximum : 1,1 MiB

Bot 7/7
Classe : awele.bot.competitor.smartawele.MonBot
Instanciation du bot "SmartAwele"
Nom du bot : SmartAwele
Auteur(s) : Youcef Melakhessou et Abd'Naim Oubaassine
Temps d'apprentissage : 00:00:16.957
Durée d'une prise de décision : 00:00:00.000
Usage mémoire : 12,8 KiB
Usage mémoire maximum : 46,1 MiB

7 bots ont été instanciés
Durée du chargement : 00:00:21.146
Mémoire utilisée : 3,6 MiB

Que le championnat commence !

Affrontement 1/21
First vs. Random
Score : 1.78 - 1.21
First a gagné
Nombre de coups joués : 151.64 par match
Durée : 00:00:00.000 par match
Mémoire utilisée : 3,4 MiB

Affrontement 2/21
First vs. Last
Score : 0.0 - 3.0
Last a gagné
Nombre de coups joués : 291.5 par match
Durée : 00:00:00.000 par match
Mémoire utilisée : 3,4 MiB

Affrontement 3/21
First vs. MinMax
